{
  "02fa0ee609afe49b638bbf570eb6b5ca": "mutation MainMutation(\n  $input: ActorSubscribeInput!\n) {\n  actorSubscribe(input: $input) {\n    clientMutationId\n  }\n}\n",
  "db82ef36778a3c0f5a21478582b035dc": "query MainQuery {\n  defaultSettings {\n    notificationSounds\n  }\n}\n",
  "54c3cf85b856a950d102f3c3757f94be": "query TestQuery {\n  defaultSettings {\n    notificationSounds\n    cache_id\n  }\n}\n"
}
